// Jest Snapshot v1, https://goo.gl/fbAQLP

exports[`renders successfully 1`] = `
ShallowWrapper {
  "length": 1,
  Symbol(enzyme.__root__): [Circular],
  Symbol(enzyme.__unrendered__): <CurrencyList
    baseCurrency="USD"
    dispatch={[Function]}
    navigation={
      Object {
        "state": Object {
          "params": Object {
            "type": "quote",
          },
        },
      }
    }
    primaryColor="red"
    quoteCurrency="GBP"
  />,
  Symbol(enzyme.__renderer__): Object {
    "batchedUpdates": [Function],
    "getNode": [Function],
    "render": [Function],
    "simulateEvent": [Function],
    "unmount": [Function],
  },
  Symbol(enzyme.__node__): Object {
    "instance": null,
    "key": undefined,
    "nodeType": "class",
    "props": Object {
      "children": Array [
        <StatusBar
          animated={false}
          barStyle="default"
          showHideTransition="fade"
        />,
        <FlatList
          ItemSeparatorComponent={[Function]}
          data={
            Array [
              "AUD",
              "BGN",
              "BRL",
              "CAD",
              "CHF",
              "CNY",
              "CZK",
              "DKK",
              "EUR",
              "GBP",
              "HKD",
              "HRK",
              "HUF",
              "IDR",
              "ILS",
              "INR",
              "JPY",
              "KRW",
              "MXN",
              "MYR",
              "NOK",
              "NZD",
              "PHP",
              "PLN",
              "RON",
              "RUB",
              "SEK",
              "SGD",
              "THB",
              "TRY",
              "USD",
              "ZAR",
            ]
          }
          disableVirtualization={false}
          horizontal={false}
          initialNumToRender={10}
          keyExtractor={[Function]}
          maxToRenderPerBatch={10}
          numColumns={1}
          onEndReachedThreshold={2}
          renderItem={[Function]}
          scrollEventThrottle={50}
          updateCellsBatchingPeriod={50}
          windowSize={21}
        />,
      ],
      "style": Object {
        "flex": 1,
      },
    },
    "ref": null,
    "rendered": Array [
      Object {
        "instance": null,
        "key": undefined,
        "nodeType": "class",
        "props": Object {
          "animated": false,
          "barStyle": "default",
          "showHideTransition": "fade",
        },
        "ref": null,
        "rendered": null,
        "type": [Function],
      },
      Object {
        "instance": null,
        "key": undefined,
        "nodeType": "class",
        "props": Object {
          "ItemSeparatorComponent": [Function],
          "data": Array [
            "AUD",
            "BGN",
            "BRL",
            "CAD",
            "CHF",
            "CNY",
            "CZK",
            "DKK",
            "EUR",
            "GBP",
            "HKD",
            "HRK",
            "HUF",
            "IDR",
            "ILS",
            "INR",
            "JPY",
            "KRW",
            "MXN",
            "MYR",
            "NOK",
            "NZD",
            "PHP",
            "PLN",
            "RON",
            "RUB",
            "SEK",
            "SGD",
            "THB",
            "TRY",
            "USD",
            "ZAR",
          ],
          "disableVirtualization": false,
          "horizontal": false,
          "initialNumToRender": 10,
          "keyExtractor": [Function],
          "maxToRenderPerBatch": 10,
          "numColumns": 1,
          "onEndReachedThreshold": 2,
          "renderItem": [Function],
          "scrollEventThrottle": 50,
          "updateCellsBatchingPeriod": 50,
          "windowSize": 21,
        },
        "ref": null,
        "rendered": null,
        "type": [Function],
      },
    ],
    "type": [Function],
  },
  Symbol(enzyme.__nodes__): Array [
    Object {
      "instance": null,
      "key": undefined,
      "nodeType": "class",
      "props": Object {
        "children": Array [
          <StatusBar
            animated={false}
            barStyle="default"
            showHideTransition="fade"
          />,
          <FlatList
            ItemSeparatorComponent={[Function]}
            data={
              Array [
                "AUD",
                "BGN",
                "BRL",
                "CAD",
                "CHF",
                "CNY",
                "CZK",
                "DKK",
                "EUR",
                "GBP",
                "HKD",
                "HRK",
                "HUF",
                "IDR",
                "ILS",
                "INR",
                "JPY",
                "KRW",
                "MXN",
                "MYR",
                "NOK",
                "NZD",
                "PHP",
                "PLN",
                "RON",
                "RUB",
                "SEK",
                "SGD",
                "THB",
                "TRY",
                "USD",
                "ZAR",
              ]
            }
            disableVirtualization={false}
            horizontal={false}
            initialNumToRender={10}
            keyExtractor={[Function]}
            maxToRenderPerBatch={10}
            numColumns={1}
            onEndReachedThreshold={2}
            renderItem={[Function]}
            scrollEventThrottle={50}
            updateCellsBatchingPeriod={50}
            windowSize={21}
          />,
        ],
        "style": Object {
          "flex": 1,
        },
      },
      "ref": null,
      "rendered": Array [
        Object {
          "instance": null,
          "key": undefined,
          "nodeType": "class",
          "props": Object {
            "animated": false,
            "barStyle": "default",
            "showHideTransition": "fade",
          },
          "ref": null,
          "rendered": null,
          "type": [Function],
        },
        Object {
          "instance": null,
          "key": undefined,
          "nodeType": "class",
          "props": Object {
            "ItemSeparatorComponent": [Function],
            "data": Array [
              "AUD",
              "BGN",
              "BRL",
              "CAD",
              "CHF",
              "CNY",
              "CZK",
              "DKK",
              "EUR",
              "GBP",
              "HKD",
              "HRK",
              "HUF",
              "IDR",
              "ILS",
              "INR",
              "JPY",
              "KRW",
              "MXN",
              "MYR",
              "NOK",
              "NZD",
              "PHP",
              "PLN",
              "RON",
              "RUB",
              "SEK",
              "SGD",
              "THB",
              "TRY",
              "USD",
              "ZAR",
            ],
            "disableVirtualization": false,
            "horizontal": false,
            "initialNumToRender": 10,
            "keyExtractor": [Function],
            "maxToRenderPerBatch": 10,
            "numColumns": 1,
            "onEndReachedThreshold": 2,
            "renderItem": [Function],
            "scrollEventThrottle": 50,
            "updateCellsBatchingPeriod": 50,
            "windowSize": 21,
          },
          "ref": null,
          "rendered": null,
          "type": [Function],
        },
      ],
      "type": [Function],
    },
  ],
  Symbol(enzyme.__options__): Object {
    "adapter": ReactSixteenAdapter {
      "options": Object {
        "enableComponentDidUpdateOnSetState": true,
      },
    },
    "context": Object {
      "store": Object {
        "clearActions": [Function],
        "dispatch": [Function],
        "getActions": [Function],
        "getState": [Function],
        "replaceReducer": [Function],
        "subscribe": [Function],
      },
    },
  },
}
`;
